../Core/Src/main.c:163:6:HAL_GPIO_EXTI_Callback	24	static
../Core/Src/main.c:183:5:main	16	static
../Core/Src/main.c:300:6:SystemClock_Config	72	static
../Core/Src/main.c:340:13:MX_I2C2_Init	8	static
../Core/Src/main.c:374:13:MX_TIM4_Init	32	static
../Core/Src/main.c:419:13:MX_USART2_UART_Init	8	static
../Core/Src/main.c:452:13:MX_GPIO_Init	40	static
../Core/Src/main.c:518:9:readbutton1	8	static
../Core/Src/main.c:522:9:readbutton2	8	static
../Core/Src/main.c:526:9:readbutton3	8	static
../Core/Src/main.c:531:6:sendTerminal	16	static
../Core/Src/main.c:543:6:sendCloudHandler	48	static
../Core/Src/main.c:570:6:ReadDataTask	24	static
../Core/Src/main.c:601:6:DisplayTask	48	static
../Core/Src/main.c:634:6:HandleISP	24	static
../Core/Src/main.c:696:6:pumpControl	16	static
../Core/Src/main.c:722:6:HAL_TIM_PeriodElapsedCallback	16	static
../Core/Src/main.c:739:6:Error_Handler	4	static,ignoring_inline_asm
